---
source: malva/tests/fmt.rs
---
--accent: var(--<!-- TEMPLATE-SLOT-ACCENT-COLOR -->);
