---
source: malva/tests/fmt.rs
---
/*cfg declarationOrder = "alphabetical"
      declarationOrderGroupBy = "nonDeclaration"*/
div {
  x: 0;
  y: 0;
  z: 0;
  & {}
  a: 0;
  b: 0;
  c: 0;
  d: 0;
}
