---
source: malva/tests/fmt.rs
---
@container my-container scroll-state(scrollable: top) {}
