---
source: malva/tests/fmt.rs
---
:export {
  bLaCk: #000;
}
