---
source: malva/tests/fmt.rs
---
#container {
  font-family:
    Inter, Roboto, "Helvetica Neue", "Arial Nova", "Nimbus Sans", Arial,
    sans-serif;
  font-family:
    Inter, Roboto, "Helvetica Neue", "Arial Nova", "Nimbus Sans", Arial,
    sans-serif;
}
