---
source: malva/tests/fmt.rs
---
/* cfg formatComments = true */
// comments
/// doc comments
/// doc comments
